Script started on 2022-04-11 14:31:12+03:00 [TERM="xterm-256color" TTY="/dev/pts/1" COLUMNS="125" LINES="32"]
[aleksi@dsktp script-answers]$ sudo docker start -i youthful_tesla
[sudo] password for aleksi: 
root@454405ccc229:/# curl -sL https://deb.nodesource.com/setup_16.x | bash
bash: curl: command not found
root@454405ccc229:/# apt-get -y install curl
Reading package lists... Done
Building dependency tree       
Reading state information... Done
The following additional packages will be installed:

/* DELETED 200 ROWS OF INSTALLING INFO */

root@454405ccc229:/# apt install -y nodejs
Reading package lists... Done
Building dependency tree       
Reading state information... Done
The following NEW packages will be installed:
  nodejs

*/ DELETED INSTALLING INFO HERE TOO */

root@454405ccc229:/# node /usr/src/app/index.js
Hello World
root@454405ccc229:/# exit
exit
[aleksi@dsktp script-answers]$ exit
exit

Script done on 2022-04-11 14:33:15+03:00 [COMMAND_EXIT_CODE="0"]

